// Jest Snapshot v1, https://goo.gl/fbAQLP

exports[`Home component renders a home page 1`] = `
<View>
  Hi
</View>
`;
